mosaabhamdy31@ubuntu:/$ sudo su
[sudo] password for mosaabhamdy31: 
root@ubuntu:/# cd /home
root@ubuntu:/home# mkdir task
root@ubuntu:/home# ls
mosaabhamdy31  task
root@ubuntu:/home# cd task
root@ubuntu:/home/task# mkdir mosaab1 mosaab2
root@ubuntu:/home/task# ls
mosaab1 mosaab2
root@ubuntu:/home/task# cd mosaab1
root@ubuntu:/home/task/mosaab1# cat > file1.txt
this is file 1
Dr.samar shaban
operating system
^c
^c
^C
cat file1.txt   
clear
$_
root@ubuntu:/home/task/mosaab1# cat file1.txt
this is file 1
Dr.samar shaban
operating system
^c
^c
^C
cat file1.txt
clear
$_
root@ubuntu:/home/task/mosaab1# cat > file2.txt
this is file 2
mosaab hamdy boriek
operating system
root@ubuntu:/home/task/mosaab1# cat > file3.txt
^C
root@ubuntu:/home/task/mosaab1# cat file3.txt
root@ubuntu:/home/task/mosaab1# ls
file1.txt  file2.txt  file3.txt
root@ubuntu:/home/task/mosaab1# cp file1.txt /home/task/mosaab2
root@ubuntu:/home/task/mosaab1# cd ../
root@ubuntu:/home/task# cd mosaab2
root@ubuntu:/home/task/mosaab2# ls
file1.txt
root@ubuntu:/home/task/mosaab2# cd ../..
root@ubuntu:/home# ls |grep a|grep A
root@ubuntu:/home# ls
mosaabhamdy31  task
root@ubuntu:/home# cd task
root@ubuntu:/home/task# ls |grep a|grep A
root@ubuntu:/home/task# ls 
mosaab1 mosaab2
root@ubuntu:/home/task# cd mosaab1
root@ubuntu:/home/task/mosaab1# ls
file1.txt  file2.txt  file3.txt
root@ubuntu:/home/task/mosaab1# cat > mosaab.txt
sfhagkjhgk;jlhlf;sg
^C
root@ubuntu:/home/task/mosaab1# cat > mosaab.txt
dfhghdghdg^C
root@ubuntu:/home/task/mosaab1# ls
mosaab.txt  mosaab.txt  file1.txt  file2.txt  file3.txt
root@ubuntu:/home/task/mosaab1# ls |grep a|grep A
root@ubuntu:/home/task/mosaab1# ls | grep a| grep A
root@ubuntu:/home/task/mosaab1# ls
mosaab.txt mosaab.txt  file1.txt  file2.txt  file3.txt
root@ubuntu:/home/task/mosaab1# ls | grep a
mosaab.txt
root@ubuntu:/home/task/mosaab1# ls | grep A
mosaab.txt
root@ubuntu:/home/task/mosaab1# ls | wc-1
wc-1: command not found
root@ubuntu:/home/task/mosaab1# ls | wc-l
wc-l: command not found
root@ubuntu:/home/task/mosaab1# ls | wc l
wc: l: No such file or directory
root@ubuntu:/home/task/mosaab1# ls | Wc-l
Wc-l: command not found
root@ubuntu:/home/task/mosaab1# ls | WC-l
WC-l: command not found
root@ubuntu:/home/task/mosaab1# ls -1 | wc -l
5
root@ubuntu:/home/task/mosaab1# ls | wc -l
5
root@ubuntu:/home/mosaabhamdy31# touch language.c
root@ubuntu:/home/mosaabhamdy31# gcc -o helloahmed language.c
root@ubuntu:/home/mosaabhamdy31# ./a.out language c
oot@ubuntu:/home/mosaabhamdy31# date
Thu 29 Apr 2021 12:45:53 AM PDT
root@ubuntu:/home/mosaabhamdy31# ls
Desktop  Documents  Downloads  language.c  Music  Pictures  Public  Templates  Videos
root@ubuntu:/home/mosaabhamdy31# pwd
/home/mosaabhamdy31
